<html>
<body>
<pre>
<h1>µVision Build Log</h1>
<h2>Project:</h2>
C:\Keil\Labware\Lab15_SpaceInvaders\SpaceInvaders.uvproj
Project File Date:  06/10/2019

<h2>Output:</h2>
Build target 'SpaceInvaders'
compiling SpaceInvaders.c...
SpaceInvaders.c(25): warning:  #1295-D: Deprecated declaration display - give arg types
  void display();
SpaceInvaders.c(26): warning:  #1295-D: Deprecated declaration startingScreen - give arg types
  void startingScreen();
SpaceInvaders.c(27): warning:  #1295-D: Deprecated declaration Gameover - give arg types
  void Gameover();
SpaceInvaders.c: 3 warnings, 0 errors
linking...
Program Size: Code=5044 RO-data=3352 RW-data=92 ZI-data=2692  
".\SpaceInvaders.axf" - 0 Error(s), 3 Warning(s).
Load "C:\\Keil\\Labware\\Lab15_SpaceInvaders\\SpaceInvaders.axf" 
Connecting: Mode=JTAG, Speed=1000000Hz
Erase Done.
Programming Done.
Verify OK.
</pre>
</body>
</html>
 Mode=JTAG, Speed=1000000Hz
Erase Done.
Programming Done.
Verify OK.
